Microchip MPLAB XC8 Compiler V1.34 ()

Linker command line:

--edf=C:\Program Files (x86)\Microchip\xc8\v1.34\dat\en_msgs.txt -cs \
  -h+dist/default/production\project2.X.production.sym \
  --cmf=dist/default/production\project2.X.production.cmf -z -Q18F4620 \
  -oC:\Users\EL-YAM~1\AppData\Local\Temp\s7tg.6 \
  -Mdist/default/production/project2.X.production.map -E1 -ver=XC8 \
  -ASTACK=080h-0f7fh -pstack=STACK -ACODE=00h-0FFFFh -ACONST=00h-0FFFFh \
  -ASMALLCONST=01000h-010FFhx240 -AMEDIUMCONST=01000h-0FFFFh \
  -ACOMRAM=01h-07Fh -AABS1=00h-0F7Fh -ABIGRAM=01h-0F7Fh \
  -ARAM=080h-0FFh,0100h-01FFhx14,0F00h-0F7Fh -ABANK0=080h-0FFh \
  -ABANK1=0100h-01FFh -ABANK2=0200h-02FFh -ABANK3=0300h-03FFh \
  -ABANK4=0400h-04FFh -ABANK5=0500h-05FFh -ABANK6=0600h-06FFh \
  -ABANK7=0700h-07FFh -ABANK8=0800h-08FFh -ABANK9=0900h-09FFh \
  -ABANK10=0A00h-0AFFh -ABANK11=0B00h-0BFFh -ABANK12=0C00h-0CFFh \
  -ABANK13=0D00h-0DFFh -ABANK14=0E00h-0EFFh -ABANK15=0F00h-0F7Fh \
  -ASFR=0F80h-0FFFh \
  -preset_vec=00h,intcode=08h,intcodelo,powerup,init,end_init \
  -pramtop=01000h -psmallconst=SMALLCONST -pmediumconst=MEDIUMCONST \
  -pconst=CONST -AFARRAM=00h-00h -ACONFIG=0300000h-030000Dh -pconfig=CONFIG \
  -AIDLOC=0200000h-0200007h -pidloc=IDLOC -AEEDATA=0F00000h-0F003FFh \
  -peeprom_data=EEDATA \
  -prdata=COMRAM,nvrram=COMRAM,nvbit=COMRAM,rbss=COMRAM,rbit=COMRAM \
  -pfarbss=FARRAM,fardata=FARRAM,nvFARRAM=FARRAM \
  -pintsave_regs=BIGRAM,bigbss=BIGRAM,bigdata=BIGRAM -pbss=RAM \
  -pidata=CODE,irdata=CODE,ibigdata=CODE,ifardata=CODE -prparam=COMRAM \
  C:\Users\EL-YAM~1\AppData\Local\Temp\s7tg.obj \
  dist/default/production\project2.X.production.obj 

Object code version is 3.11

Machine type is 18F4620

Call graph: (short form)




                Name                               Link     Load   Length Selector   Space Scale
C:\Users\EL-YAM~1\AppData\Local\Temp\s7tg.obj
                end_init                             A4       A4        4        4       0
                reset_vec                             0        0        4        0       0
                idloc                            200000   200000        8   200000       0
                config                           300000   300000        E   300000       0
dist/default/production\project2.X.production.obj
                intcode                               8        8       9C        4       0
                smallconst                         1000     1000       2E      800       0
                intcode_body                       1866     1866       84      817       0
                text31                             1CEE     1CEE       20      817       0
                text30                             1CCE     1CCE       20      817       0
                text29                             1D58     1D58       16      817       0
                text28                             1C58     1C58       2C      817       0
                text27                             1B8C     1B8C       3A      817       0
                text26                             1B10     1B10       42      817       0
                text25                             1C2C     1C2C       2C      817       0
                text24                             196C     196C       82      817       0
                text23                             1B52     1B52       3A      817       0
                text22                             1D82     1D82       14      817       0
                text21                             1DB2     1DB2        A      817       0
                text20                             1DA8     1DA8        A      817       0
                text19                             1D6E     1D6E       14      817       0
                text18                             1DCC     1DCC        8      817       0
                text17                             1DC4     1DC4        8      817       0
                text16                             1DBC     1DBC        8      817       0
                text15                             1D96     1D96       12      817       0
                text14                             1D2A     1D2A       18      817       0
                text13                             168A     168A      146      817       0
                text12                             17D0     17D0       96      817       0
                text11                             18EA     18EA       82      817       0
                text10                             1BC6     1BC6       38      817       0
                text9                              19EE     19EE       7A      817       0
                text8                              1D0E     1D0E       1C      817       0
                text7                              1BFE     1BFE       2E      817       0
                text6                              1DD4     1DD4        4      817       0
                text5                              1A68     1A68       5C      817       0
                text4                              1AC4     1AC4       4C      817       0
                text3                              1C84     1C84       28      817       0
                text2                              1CAC     1CAC       22      817       0
                text1                              1428     1428      262      817       0
                text0                              102E     102E      3FA      817       0
                cstackCOMRAM                          1        1       3F        1       1
                bssCOMRAM                            40       40       1B        1       1
                cinit                              1D42     1D42       16      817       0

TOTAL           Name                               Link     Load   Length     Space
        CLASS   STACK          

        CLASS   CODE           
                end_init                             A4       A4        4         0
                intcode                               8        8       9C         0
                reset_vec                             0        0        4         0
                intcode_body                       1866     1866       84         0
                text31                             1CEE     1CEE       20         0
                text30                             1CCE     1CCE       20         0
                text29                             1D58     1D58       16         0
                text28                             1C58     1C58       2C         0
                text27                             1B8C     1B8C       3A         0
                text26                             1B10     1B10       42         0
                text25                             1C2C     1C2C       2C         0
                text24                             196C     196C       82         0
                text23                             1B52     1B52       3A         0
                text22                             1D82     1D82       14         0
                text21                             1DB2     1DB2        A         0
                text20                             1DA8     1DA8        A         0
                text19                             1D6E     1D6E       14         0
                text18                             1DCC     1DCC        8         0
                text17                             1DC4     1DC4        8         0
                text16                             1DBC     1DBC        8         0
                text15                             1D96     1D96       12         0
                text14                             1D2A     1D2A       18         0
                text13                             168A     168A      146         0
                text12                             17D0     17D0       96         0
                text11                             18EA     18EA       82         0
                text10                             1BC6     1BC6       38         0
                text9                              19EE     19EE       7A         0
                text8                              1D0E     1D0E       1C         0
                text7                              1BFE     1BFE       2E         0
                text6                              1DD4     1DD4        4         0
                text5                              1A68     1A68       5C         0
                text4                              1AC4     1AC4       4C         0
                text3                              1C84     1C84       28         0
                text2                              1CAC     1CAC       22         0
                text1                              1428     1428      262         0
                text0                              102E     102E      3FA         0
                cinit                              1D42     1D42       16         0

        CLASS   CONST          

        CLASS   SMALLCONST     
                smallconst                         1000     1000       2E         0

        CLASS   MEDIUMCONST    

        CLASS   COMRAM         
                cstackCOMRAM                          1        1       3F         1
                bssCOMRAM                            40       40       1B         1

        CLASS   ABS1           

        CLASS   BIGRAM         

        CLASS   RAM            

        CLASS   BANK0          

        CLASS   BANK1          

        CLASS   BANK2          

        CLASS   BANK3          

        CLASS   BANK4          

        CLASS   BANK5          

        CLASS   BANK6          

        CLASS   BANK7          

        CLASS   BANK8          

        CLASS   BANK9          

        CLASS   BANK10         

        CLASS   BANK11         

        CLASS   BANK12         

        CLASS   BANK13         

        CLASS   BANK14         

        CLASS   BANK15         

        CLASS   SFR            

        CLASS   FARRAM         

        CLASS   CONFIG         
                config                           300000   300000        E         0

        CLASS   IDLOC          
                idloc                            200000   200000        8         0

        CLASS   EEDATA         



SEGMENTS        Name                           Load    Length   Top    Selector   Space  Class

                reset_vec                      000000  000004  000004         0       0  CODE    
                cstackCOMRAM                   000001  00005A  00005B         1       1  COMRAM  
                intcode                        000008  0000A0  0000A8         4       0  CODE    
                smallconst                     001000  00002E  00102E       800       0  SMALLCON
                text0                          00102E  000DAA  001DD8       817       0  CODE    
                idloc                          200000  000008  200008    200000       0  IDLOC   
                config                         300000  00000E  30000E    300000       0  CONFIG  


UNUSED ADDRESS RANGES

        Name                Unused          Largest block    Delta
        BANK0            000080-0000FF               80
        BANK1            000100-0001FF              100
        BANK10           000A00-000AFF              100
        BANK11           000B00-000BFF              100
        BANK12           000C00-000CFF              100
        BANK13           000D00-000DFF              100
        BANK14           000E00-000EFF              100
        BANK15           000F00-000F7F               80
        BANK2            000200-0002FF              100
        BANK3            000300-0003FF              100
        BANK4            000400-0004FF              100
        BANK5            000500-0005FF              100
        BANK6            000600-0006FF              100
        BANK7            000700-0007FF              100
        BANK8            000800-0008FF              100
        BANK9            000900-0009FF              100
        BIGRAM           00005B-000F7F              F25
        CODE             000004-000007                4
                         0000A8-000FFF              F58
                         001DD8-00FFFF             E228
        COMRAM           00005B-00007F               25
        CONST            000004-000007                4
                         0000A8-000FFF              F58
                         001DD8-00FFFF             E228
        EEDATA           F00000-F003FF              400
        MEDIUMCONST      001DD8-00FFFF             E228
        RAM              000080-000F7F              100
        SFR              000F80-000FFF               80
        SMALLCONST       001DD8-00FFFF              100
        STACK            000080-000F7F              F00

                                  Symbol Table

?_ADC_start               cstackCOMRAM 00001F
?___awdiv                 cstackCOMRAM 00001F
?___awmod                 cstackCOMRAM 00001F
?___lwdiv                 cstackCOMRAM 00001F
?___lwmod                 cstackCOMRAM 000026
?___wmul                  cstackCOMRAM 00001F
?_sprintf                 cstackCOMRAM 00002B
ADC_init@ch_no            cstackCOMRAM 000020
ADC_start@ANx             cstackCOMRAM 000022
I2C_Write@Data            cstackCOMRAM 000020
ISRead@Dummy              cstackCOMRAM 00000F
ISWrite@deummy            cstackCOMRAM 00001E
LCDGoto@ln                cstackCOMRAM 000023
LCDGoto@pos               cstackCOMRAM 000028
LCDPutChar@ch             cstackCOMRAM 000022
LCDPutCmd@ch              cstackCOMRAM 000022
LCDPutStr@i               cstackCOMRAM 000027
LCDPutStr@str             cstackCOMRAM 000023
LCDWriteNibble@ch         cstackCOMRAM 000020
LCDWriteNibble@rs         cstackCOMRAM 00001F
RTC_READ_TIME@date        cstackCOMRAM 000029
RTC_READ_TIME@day         cstackCOMRAM 000027
RTC_READ_TIME@hour        cstackCOMRAM 000025
RTC_READ_TIME@minute      cstackCOMRAM 000023
RTC_READ_TIME@month       cstackCOMRAM 00002B
RTC_READ_TIME@second      cstackCOMRAM 000021
RTC_READ_TIME@year        cstackCOMRAM 00002D
RTC_WRITE_TIME@date       cstackCOMRAM 00002D
RTC_WRITE_TIME@day        cstackCOMRAM 00002C
RTC_WRITE_TIME@hour       cstackCOMRAM 00002B
RTC_WRITE_TIME@minute     cstackCOMRAM 00002A
RTC_WRITE_TIME@month      cstackCOMRAM 00002E
RTC_WRITE_TIME@second     cstackCOMRAM 000030
RTC_WRITE_TIME@year       cstackCOMRAM 00002F
_ACKDT                    (abs)        007E2D
_ACKEN                    (abs)        007E2C
_ACKSTAT                  (abs)        007E2E
_ADCON0bits               (abs)        000FC2
_ADCON1bits               (abs)        000FC1
_ADC_init                 text31       001CEE
_ADC_start                text30       001CCE
_ADFM                     (abs)        007E07
_ADON                     (abs)        007E10
_ADRES                    (abs)        000FC3
_BF                       (abs)        007E38
_CCP1CONbits              (abs)        000FBD
_CCPR1L                   (abs)        000FBE
_CKP                      (abs)        007E34
_GIE                      (abs)        007F97
_GO_DONE                  (abs)        007E11
_I2C_ACK                  text21       001DB2
_I2C_Master_Init          text29       001D58
_I2C_NACK                 text20       001DA8
_I2C_Read                 text19       001D6E
_I2C_Restart              text18       001DCC
_I2C_Start                text17       001DC4
_I2C_Stop                 text16       001DBC
_I2C_Wait                 text22       001D82
_I2C_Write                text15       001D96
_ISRead                   intcode      000008
_ISWrite                  intcode      000094
_LCDGoto                  text26       001B10
_LCDGoto$116              cstackCOMRAM 000026
_LCDPutChar               text25       001C2C
_LCDPutCmd                text27       001B8C
_LCDPutStr                text24       00196C
_LCDWriteNibble           text28       001C58
_LCD_Initialize           text23       001B52
_OSCCON                   (abs)        000FD3
_PEIE                     (abs)        007F96
_PEN                      (abs)        007E2A
_PORTD                    (abs)        000F83
_PORTDbits                (abs)        000F83
_PR2                      (abs)        000FCB
_RCEN                     (abs)        007E2B
_RSEN                     (abs)        007E29
_RTC_READ_TIME            text13       00168A
_RTC_WRITE_TIME           text9        0019EE
_R_nW                     (abs)        007E3A
_SEN                      (abs)        007E28
_SSPADD                   (abs)        000FC8
_SSPBUF                   (abs)        000FC9
_SSPCON1                  (abs)        000FC6
_SSPCON2                  (abs)        000FC5
_SSPIE                    (abs)        007CEB
_SSPIF                    (abs)        007CF3
_SSPSTAT                  (abs)        000FC7
_T2CONbits                (abs)        000FCA
_TMR2                     (abs)        000FCC
_TMR2ON                   (abs)        007E52
_TRISC2                   (abs)        007CA2
_TRISC3                   (abs)        007CA3
_TRISC4                   (abs)        007CA4
_TRISD                    (abs)        000F95
__CFG_BOREN$SBORDIS       (abs)        000000
__CFG_BORV$3              (abs)        000000
__CFG_CCP2MX$PORTC        (abs)        000000
__CFG_CP0$OFF             (abs)        000000
__CFG_CP1$OFF             (abs)        000000
__CFG_CP2$OFF             (abs)        000000
__CFG_CP3$OFF             (abs)        000000
__CFG_CPB$OFF             (abs)        000000
__CFG_CPD$OFF             (abs)        000000
__CFG_EBTR0$OFF           (abs)        000000
__CFG_EBTR1$OFF           (abs)        000000
__CFG_EBTR2$OFF           (abs)        000000
__CFG_EBTR3$OFF           (abs)        000000
__CFG_EBTRB$OFF           (abs)        000000
__CFG_FCMEN$OFF           (abs)        000000
__CFG_IESO$OFF            (abs)        000000
__CFG_LPT1OSC$OFF         (abs)        000000
__CFG_LVP$OFF             (abs)        000000
__CFG_MCLRE$ON            (abs)        000000
__CFG_OSC$INTIO67         (abs)        000000
__CFG_PBADEN$OFF          (abs)        000000
__CFG_PWRT$OFF            (abs)        000000
__CFG_STVREN$ON           (abs)        000000
__CFG_WDT$OFF             (abs)        000000
__CFG_WDTPS$32768         (abs)        000000
__CFG_WRT0$OFF            (abs)        000000
__CFG_WRT1$OFF            (abs)        000000
__CFG_WRT2$OFF            (abs)        000000
__CFG_WRT3$OFF            (abs)        000000
__CFG_WRTB$OFF            (abs)        000000
__CFG_WRTC$OFF            (abs)        000000
__CFG_WRTD$OFF            (abs)        000000
__CFG_XINST$OFF           (abs)        000000
__HRAM                    (abs)        000000
__Habs1                   abs1         000000
__Hbank0                  bank0        000000
__Hbank1                  bank1        000000
__Hbank10                 bank10       000000
__Hbank11                 bank11       000000
__Hbank12                 bank12       000000
__Hbank13                 bank13       000000
__Hbank14                 bank14       000000
__Hbank15                 bank15       000000
__Hbank2                  bank2        000000
__Hbank3                  bank3        000000
__Hbank4                  bank4        000000
__Hbank5                  bank5        000000
__Hbank6                  bank6        000000
__Hbank7                  bank7        000000
__Hbank8                  bank8        000000
__Hbank9                  bank9        000000
__Hbigbss                 bigbss       000000
__Hbigdata                bigdata      000000
__Hbigram                 bigram       000000
__Hbss                    bss          000000
__HbssCOMRAM              bssCOMRAM    000000
__Hcinit                  cinit        000000
__Hclrtext                clrtext      000000
__Hcomram                 comram       000000
__Hconfig                 config       30000E
__Hconst                  const        000000
__HcstackCOMRAM           cstackCOMRAM 000000
__Hdata                   data         000000
__Heeprom_data            eeprom_data  000000
__Hend_init               end_init     0000A8
__Hfarbss                 farbss       000000
__Hfardata                fardata      000000
__Hibigdata               ibigdata     000000
__Hidata                  idata        000000
__Hidloc                  idloc        200008
__Hifardata               ifardata     000000
__Hinit                   init         0000A4
__Hintcode                intcode      0000A4
__Hintcode_body           intcode_body 000000
__Hintcodelo              intcodelo    0000A4
__Hintentry               intentry     000000
__Hintret                 intret       000000
__Hintsave_regs           intsave_regs 000000
__Hirdata                 irdata       000000
__Hmediumconst            mediumconst  000000
__HnvFARRAM               nvFARRAM     000000
__Hnvbit                  nvbit        000000
__Hnvrram                 nvrram       000000
__Hparam                  rparam       000000
__Hpowerup                powerup      0000A4
__Hram                    ram          000000
__Hramtop                 ramtop       001000
__Hrbit                   rbit         000000
__Hrbss                   rbss         000000
__Hrdata                  rdata        000000
__Hreset_vec              reset_vec    000004
__Hrparam                 rparam       000000
__Hsfr                    sfr          000000
__Hsmallconst             smallconst   00102E
__Hspace_0                (abs)        30000E
__Hspace_1                (abs)        00005B
__Hspace_2                (abs)        000000
__Hstack                  stack        000000
__Hstruct                 struct       000000
__Htemp                   temp         000000
__Htext                   text         000000
__Htext0                  text0        000000
__Htext1                  text1        000000
__Htext10                 text10       000000
__Htext11                 text11       000000
__Htext12                 text12       000000
__Htext13                 text13       000000
__Htext14                 text14       000000
__Htext15                 text15       000000
__Htext16                 text16       000000
__Htext17                 text17       000000
__Htext18                 text18       000000
__Htext19                 text19       000000
__Htext2                  text2        000000
__Htext20                 text20       000000
__Htext21                 text21       000000
__Htext22                 text22       000000
__Htext23                 text23       000000
__Htext24                 text24       000000
__Htext25                 text25       000000
__Htext26                 text26       000000
__Htext27                 text27       000000
__Htext28                 text28       000000
__Htext29                 text29       000000
__Htext3                  text3        000000
__Htext30                 text30       000000
__Htext31                 text31       000000
__Htext4                  text4        000000
__Htext5                  text5        000000
__Htext6                  text6        000000
__Htext7                  text7        000000
__Htext8                  text8        000000
__Htext9                  text9        000000
__LRAM                    (abs)        000001
__Labs1                   abs1         000000
__Lbank0                  bank0        000000
__Lbank1                  bank1        000000
__Lbank10                 bank10       000000
__Lbank11                 bank11       000000
__Lbank12                 bank12       000000
__Lbank13                 bank13       000000
__Lbank14                 bank14       000000
__Lbank15                 bank15       000000
__Lbank2                  bank2        000000
__Lbank3                  bank3        000000
__Lbank4                  bank4        000000
__Lbank5                  bank5        000000
__Lbank6                  bank6        000000
__Lbank7                  bank7        000000
__Lbank8                  bank8        000000
__Lbank9                  bank9        000000
__Lbigbss                 bigbss       000000
__Lbigdata                bigdata      000000
__Lbigram                 bigram       000000
__Lbss                    bss          000000
__LbssCOMRAM              bssCOMRAM    000000
__Lcinit                  cinit        000000
__Lclrtext                clrtext      000000
__Lcomram                 comram       000000
__Lconfig                 config       300000
__Lconst                  const        000000
__LcstackCOMRAM           cstackCOMRAM 000000
__Ldata                   data         000000
__Leeprom_data            eeprom_data  000000
__Lend_init               end_init     0000A4
__Lfarbss                 farbss       000000
__Lfardata                fardata      000000
__Libigdata               ibigdata     000000
__Lidata                  idata        000000
__Lidloc                  idloc        200000
__Lifardata               ifardata     000000
__Linit                   init         0000A4
__Lintcode                intcode      000008
__Lintcode_body           intcode_body 000000
__Lintcodelo              intcodelo    0000A4
__Lintentry               intentry     000000
__Lintret                 intret       000000
__Lintsave_regs           intsave_regs 000000
__Lirdata                 irdata       000000
__Lmediumconst            mediumconst  000000
__LnvFARRAM               nvFARRAM     000000
__Lnvbit                  nvbit        000000
__Lnvrram                 nvrram       000000
__Lparam                  rparam       000000
__Lpowerup                powerup      0000A4
__Lram                    ram          000000
__Lramtop                 ramtop       001000
__Lrbit                   rbit         000000
__Lrbss                   rbss         000000
__Lrdata                  rdata        000000
__Lreset_vec              reset_vec    000000
__Lrparam                 rparam       000000
__Lsfr                    sfr          000000
__Lsmallconst             smallconst   001000
__Lspace_0                (abs)        000000
__Lspace_1                (abs)        000000
__Lspace_2                (abs)        000000
__Lstack                  stack        000000
__Lstruct                 struct       000000
__Ltemp                   temp         000000
__Ltext                   text         000000
__Ltext0                  text0        000000
__Ltext1                  text1        000000
__Ltext10                 text10       000000
__Ltext11                 text11       000000
__Ltext12                 text12       000000
__Ltext13                 text13       000000
__Ltext14                 text14       000000
__Ltext15                 text15       000000
__Ltext16                 text16       000000
__Ltext17                 text17       000000
__Ltext18                 text18       000000
__Ltext19                 text19       000000
__Ltext2                  text2        000000
__Ltext20                 text20       000000
__Ltext21                 text21       000000
__Ltext22                 text22       000000
__Ltext23                 text23       000000
__Ltext24                 text24       000000
__Ltext25                 text25       000000
__Ltext26                 text26       000000
__Ltext27                 text27       000000
__Ltext28                 text28       000000
__Ltext29                 text29       000000
__Ltext3                  text3        000000
__Ltext30                 text30       000000
__Ltext31                 text31       000000
__Ltext4                  text4        000000
__Ltext5                  text5        000000
__Ltext6                  text6        000000
__Ltext7                  text7        000000
__Ltext8                  text8        000000
__Ltext9                  text9        000000
__S0                      (abs)        30000E
__S1                      (abs)        00005B
__S2                      (abs)        000000
___awdiv                  text12       0017D0
___awdiv@counter          cstackCOMRAM 000023
___awdiv@dividend         cstackCOMRAM 00001F
___awdiv@divisor          cstackCOMRAM 000021
___awdiv@quotient         cstackCOMRAM 000025
___awdiv@sign             cstackCOMRAM 000024
___awmod                  text11       0018EA
___awmod@counter          cstackCOMRAM 000023
___awmod@dividend         cstackCOMRAM 00001F
___awmod@divisor          cstackCOMRAM 000021
___awmod@sign             cstackCOMRAM 000024
___inthi_sp               stack        000000
___intlo_sp               stack        000000
___lwdiv                  text5        001A68
___lwdiv@counter          cstackCOMRAM 000025
___lwdiv@dividend         cstackCOMRAM 00001F
___lwdiv@divisor          cstackCOMRAM 000021
___lwdiv@quotient         cstackCOMRAM 000023
___lwmod                  text4        001AC4
___lwmod@counter          cstackCOMRAM 00002A
___lwmod@dividend         cstackCOMRAM 000026
___lwmod@divisor          cstackCOMRAM 000028
___param_bank             (abs)        000010
___rparam_used            (abs)        000001
___sp                     stack        000000
___wmul                   text3        001C84
___wmul@multiplicand      cstackCOMRAM 000021
___wmul@multiplier        cstackCOMRAM 00001F
___wmul@product           cstackCOMRAM 000023
__accesstop               (abs)        000080
__activetblptr            (abs)        000002
__end_of_ADC_init         text31       001D0E
__end_of_ADC_start        text30       001CEE
__end_of_I2C_ACK          text21       001DBC
__end_of_I2C_Master_Init  text29       001D6E
__end_of_I2C_NACK         text20       001DB2
__end_of_I2C_Read         text19       001D82
__end_of_I2C_Restart      text18       001DD4
__end_of_I2C_Start        text17       001DCC
__end_of_I2C_Stop         text16       001DC4
__end_of_I2C_Wait         text22       001D96
__end_of_I2C_Write        text15       001DA8
__end_of_ISRead           intcode      000094
__end_of_ISWrite          intcode_body 0018EA
__end_of_LCDGoto          text26       001B52
__end_of_LCDPutChar       text25       001C58
__end_of_LCDPutCmd        text27       001BC6
__end_of_LCDPutStr        text24       0019EE
__end_of_LCDWriteNibble   text28       001C84
__end_of_LCD_Initialize   text23       001B8C
__end_of_RTC_READ_TIME    text13       0017D0
__end_of_RTC_WRITE_TIME   text9        001A68
__end_of___awdiv          text12       001866
__end_of___awmod          text11       00196C
__end_of___lwdiv          text5        001AC4
__end_of___lwmod          text4        001B10
__end_of___wmul           text3        001CAC
__end_of__initialization  cinit        001D4E
__end_of_bcd_to_decimel   text14       001D42
__end_of_decimel_to_bcd   text10       001BFE
__end_of_dpowers          smallconst   00100B
__end_of_isdigit          text2        001CCE
__end_of_main             text0        001428
__end_of_pwm_init         text8        001D2A
__end_of_pwm_set_duty     text7        001C2C
__end_of_pwm_start        text6        001DD8
__end_of_sprintf          text1        00168A
__initialization          cinit        001D42
__mediumconst             mediumconst  000000
__pbssCOMRAM              bssCOMRAM    000040
__pcinit                  cinit        001D42
__pcstackCOMRAM           cstackCOMRAM 000001
__pintcode                intcode      000008
__pintcode_body           intcode_body 001866
__psmallconst             smallconst   001000
__ptext0                  text0        00102E
__ptext1                  text1        001428
__ptext10                 text10       001BC6
__ptext11                 text11       0018EA
__ptext12                 text12       0017D0
__ptext13                 text13       00168A
__ptext14                 text14       001D2A
__ptext15                 text15       001D96
__ptext16                 text16       001DBC
__ptext17                 text17       001DC4
__ptext18                 text18       001DCC
__ptext19                 text19       001D6E
__ptext2                  text2        001CAC
__ptext20                 text20       001DA8
__ptext21                 text21       001DB2
__ptext22                 text22       001D82
__ptext23                 text23       001B52
__ptext24                 text24       00196C
__ptext25                 text25       001C2C
__ptext26                 text26       001B10
__ptext27                 text27       001B8C
__ptext28                 text28       001C58
__ptext29                 text29       001D58
__ptext3                  text3        001C84
__ptext30                 text30       001CCE
__ptext31                 text31       001CEE
__ptext4                  text4        001AC4
__ptext5                  text5        001A68
__ptext6                  text6        001DD4
__ptext7                  text7        001BFE
__ptext8                  text8        001D0E
__ptext9                  text9        0019EE
__ramtop                  ramtop       001000
__size_of_ADC_init        (abs)        000000
__size_of_ADC_start       (abs)        000000
__size_of_I2C_ACK         (abs)        000000
__size_of_I2C_Master_Init (abs)        000000
__size_of_I2C_NACK        (abs)        000000
__size_of_I2C_Read        (abs)        000000
__size_of_I2C_Restart     (abs)        000000
__size_of_I2C_Start       (abs)        000000
__size_of_I2C_Stop        (abs)        000000
__size_of_I2C_Wait        (abs)        000000
__size_of_I2C_Write       (abs)        000000
__size_of_ISRead          (abs)        000000
__size_of_ISWrite         (abs)        000000
__size_of_LCDGoto         (abs)        000000
__size_of_LCDPutChar      (abs)        000000
__size_of_LCDPutCmd       (abs)        000000
__size_of_LCDPutStr       (abs)        000000
__size_of_LCDWriteNibble  (abs)        000000
__size_of_LCD_Initialize  (abs)        000000
__size_of_RTC_READ_TIME   (abs)        000000
__size_of_RTC_WRITE_TIME  (abs)        000000
__size_of___awdiv         (abs)        000000
__size_of___awmod         (abs)        000000
__size_of___lwdiv         (abs)        000000
__size_of___lwmod         (abs)        000000
__size_of___wmul          (abs)        000000
__size_of_bcd_to_decimel  (abs)        000000
__size_of_decimel_to_bcd  (abs)        000000
__size_of_isdigit         (abs)        000000
__size_of_main            (abs)        000000
__size_of_pwm_init        (abs)        000000
__size_of_pwm_set_duty    (abs)        000000
__size_of_pwm_start       (abs)        000000
__size_of_sprintf         (abs)        000000
__smallconst              smallconst   001000
_bcd_to_decimel           text14       001D2A
_date                     bssCOMRAM    000054
_day                      bssCOMRAM    000055
_decimel_to_bcd           text10       001BC6
_dpowers                  smallconst   001001
_hour                     bssCOMRAM    000056
_isdigit                  text2        001CAC
_isdigit$784              cstackCOMRAM 000020
_main                     text0        00102E
_minute                   bssCOMRAM    000057
_month                    bssCOMRAM    000058
_out                      bssCOMRAM    000044
_pwm_init                 text8        001D0E
_pwm_set_duty             text7        001BFE
_pwm_start                text6        001DD4
_result                   bssCOMRAM    000040
_second                   bssCOMRAM    000059
_sprintf                  text1        001428
_x                        bssCOMRAM    000042
_year                     bssCOMRAM    00005A
bcd_to_decimel@num        cstackCOMRAM 000020
decimel_to_bcd@num        cstackCOMRAM 000029
end_of_initialization     cinit        001D4E
int_func                  intcode_body 001866
intlevel0                 text         000000
intlevel1                 text         000000
intlevel2                 text         000000
intlevel3                 text         000000
isdigit@c                 cstackCOMRAM 000021
pwm_set_duty@duty         cstackCOMRAM 00001F
sprintf@ap                cstackCOMRAM 000037
sprintf@c                 cstackCOMRAM 00003F
sprintf@f                 cstackCOMRAM 00002D
sprintf@flag              cstackCOMRAM 00003A
sprintf@prec              cstackCOMRAM 000039
sprintf@sp                cstackCOMRAM 00002B
sprintf@val               cstackCOMRAM 00003B
sprintf@width             cstackCOMRAM 00003D
stackhi                   (abs)        000F7F
stacklo                   (abs)        000080
start                     init         0000A4
start_initialization      cinit        001D42


FUNCTION INFORMATION:

 *************** function _main *****************
 Defined at:
		line 18 in file "newmain.c"
 Parameters:    Size  Location     Type
		None
 Auto vars:     Size  Location     Type
		None
 Return value:  Size  Location     Type
		None               void
 Registers used:
		wreg, fsr0l, fsr0h, fsr2l, fsr2h, status,2, status,0, tblptrl, tblptrh, tblptru, prodl, prodh, cstack
 Tracked objects:
		On entry : 
		On exit  : 
		Unchanged: 
 Data sizes:     COMRAM   BANK0   BANK1   BANK2   BANK3   BANK4   BANK5   BANK6   BANK7   BANK8   BANK9  BANK10  BANK11  BANK12  BANK13  BANK14  BANK15
      Params:         0       0       0       0       0       0       0       0       0       0       0       0       0       0       0       0       0
      Locals:         0       0       0       0       0       0       0       0       0       0       0       0       0       0       0       0       0
      Temps:          0       0       0       0       0       0       0       0       0       0       0       0       0       0       0       0       0
      Totals:         0       0       0       0       0       0       0       0       0       0       0       0       0       0       0       0       0
Total ram usage:        0 bytes
 Hardware stack levels required when called:    4
 This function calls:
		_ADC_init
		_ADC_start
		_I2C_Master_Init
		_LCDGoto
		_LCDPutCmd
		_LCDPutStr
		_LCD_Initialize
		_RTC_READ_TIME
		_RTC_WRITE_TIME
		_pwm_init
		_pwm_set_duty
		_pwm_start
		_sprintf
 This function is called by:
		Startup code after reset
 This function uses a non-reentrant model


 *************** function _sprintf *****************
 Defined at:
		line 492 in file "C:\Program Files (x86)\Microchip\xc8\v1.34\sources\common\doprnt.c"
 Parameters:    Size  Location     Type
  sp              2   42[COMRAM] PTR unsigned char 
		 -> out(16), 
  f               2   44[COMRAM] PTR const unsigned char 
		 -> STR_13(10), STR_11(10), STR_9(10), STR_7(10), 
		 -> STR_5(10), STR_3(10), STR_1(10), 
 Auto vars:     Size  Location     Type
  tmpval          4    0        struct .
  cp              3    0        PTR const unsigned char 
  width           2   60[COMRAM] int 
  val             2   58[COMRAM] unsigned int 
  ap              2   54[COMRAM] PTR void [1]
		 -> ?_sprintf(2), 
  len             2    0        unsigned int 
  c               1   62[COMRAM] char 
  flag            1   57[COMRAM] unsigned char 
  prec            1   56[COMRAM] char 
 Return value:  Size  Location     Type
                  2   42[COMRAM] int 
 Registers used:
		wreg, fsr2l, fsr2h, status,2, status,0, tblptrl, tblptrh, tblptru, prodl, prodh, cstack
 Tracked objects:
		On entry : 
		On exit  : 
		Unchanged: 
 Data sizes:     COMRAM   BANK0   BANK1   BANK2   BANK3   BANK4   BANK5   BANK6   BANK7   BANK8   BANK9  BANK10  BANK11  BANK12  BANK13  BANK14  BANK15
      Params:         8       0       0       0       0       0       0       0       0       0       0       0       0       0       0       0       0
      Locals:         9       0       0       0       0       0       0       0       0       0       0       0       0       0       0       0       0
      Temps:          4       0       0       0       0       0       0       0       0       0       0       0       0       0       0       0       0
      Totals:        21       0       0       0       0       0       0       0       0       0       0       0       0       0       0       0       0
Total ram usage:       21 bytes
 Hardware stack levels used:    1
 Hardware stack levels required when called:    2
 This function calls:
		___lwdiv
		___lwmod
		___wmul
		_isdigit
 This function is called by:
		_main
 This function uses a non-reentrant model


 *************** function _isdigit *****************
 Defined at:
		line 8 in file "C:\Program Files (x86)\Microchip\xc8\v1.34\sources\common\isdigit.c"
 Parameters:    Size  Location     Type
  c               1    wreg     unsigned char 
 Auto vars:     Size  Location     Type
  c               1   32[COMRAM] unsigned char 
 Return value:  Size  Location     Type
		None               void
 Registers used:
		wreg, status,2, status,0
 Tracked objects:
		On entry : 
		On exit  : 
		Unchanged: 
 Data sizes:     COMRAM   BANK0   BANK1   BANK2   BANK3   BANK4   BANK5   BANK6   BANK7   BANK8   BANK9  BANK10  BANK11  BANK12  BANK13  BANK14  BANK15
      Params:         0       0       0       0       0       0       0       0       0       0       0       0       0       0       0       0       0
      Locals:         2       0       0       0       0       0       0       0       0       0       0       0       0       0       0       0       0
      Temps:          1       0       0       0       0       0       0       0       0       0       0       0       0       0       0       0       0
      Totals:         3       0       0       0       0       0       0       0       0       0       0       0       0       0       0       0       0
Total ram usage:        3 bytes
 Hardware stack levels used:    1
 Hardware stack levels required when called:    1
 This function calls:
		Nothing
 This function is called by:
		_sprintf
 This function uses a non-reentrant model


 *************** function ___wmul *****************
 Defined at:
		line 15 in file "C:\Program Files (x86)\Microchip\xc8\v1.34\sources\common\Umul16.c"
 Parameters:    Size  Location     Type
  multiplier      2   30[COMRAM] unsigned int 
  multiplicand    2   32[COMRAM] unsigned int 
 Auto vars:     Size  Location     Type
  product         2   34[COMRAM] unsigned int 
 Return value:  Size  Location     Type
                  2   30[COMRAM] unsigned int 
 Registers used:
		wreg, status,2, status,0, prodl, prodh
 Tracked objects:
		On entry : 
		On exit  : 
		Unchanged: 
 Data sizes:     COMRAM   BANK0   BANK1   BANK2   BANK3   BANK4   BANK5   BANK6   BANK7   BANK8   BANK9  BANK10  BANK11  BANK12  BANK13  BANK14  BANK15
      Params:         4       0       0       0       0       0       0       0       0       0       0       0       0       0       0       0       0
      Locals:         2       0       0       0       0       0       0       0       0       0       0       0       0       0       0       0       0
      Temps:          0       0       0       0       0       0       0       0       0       0       0       0       0       0       0       0       0
      Totals:         6       0       0       0       0       0       0       0       0       0       0       0       0       0       0       0       0
Total ram usage:        6 bytes
 Hardware stack levels used:    1
 Hardware stack levels required when called:    1
 This function calls:
		Nothing
 This function is called by:
		_sprintf
 This function uses a non-reentrant model


 *************** function ___lwmod *****************
 Defined at:
		line 8 in file "C:\Program Files (x86)\Microchip\xc8\v1.34\sources\common\lwmod.c"
 Parameters:    Size  Location     Type
  dividend        2   37[COMRAM] unsigned int 
  divisor         2   39[COMRAM] unsigned int 
 Auto vars:     Size  Location     Type
  counter         1   41[COMRAM] unsigned char 
 Return value:  Size  Location     Type
                  2   37[COMRAM] unsigned int 
 Registers used:
		wreg, status,2, status,0
 Tracked objects:
		On entry : 
		On exit  : 
		Unchanged: 
 Data sizes:     COMRAM   BANK0   BANK1   BANK2   BANK3   BANK4   BANK5   BANK6   BANK7   BANK8   BANK9  BANK10  BANK11  BANK12  BANK13  BANK14  BANK15
      Params:         4       0       0       0       0       0       0       0       0       0       0       0       0       0       0       0       0
      Locals:         1       0       0       0       0       0       0       0       0       0       0       0       0       0       0       0       0
      Temps:          0       0       0       0       0       0       0       0       0       0       0       0       0       0       0       0       0
      Totals:         5       0       0       0       0       0       0       0       0       0       0       0       0       0       0       0       0
Total ram usage:        5 bytes
 Hardware stack levels used:    1
 Hardware stack levels required when called:    1
 This function calls:
		Nothing
 This function is called by:
		_sprintf
 This function uses a non-reentrant model


 *************** function ___lwdiv *****************
 Defined at:
		line 8 in file "C:\Program Files (x86)\Microchip\xc8\v1.34\sources\common\lwdiv.c"
 Parameters:    Size  Location     Type
  dividend        2   30[COMRAM] unsigned int 
  divisor         2   32[COMRAM] unsigned int 
 Auto vars:     Size  Location     Type
  quotient        2   34[COMRAM] unsigned int 
  counter         1   36[COMRAM] unsigned char 
 Return value:  Size  Location     Type
                  2   30[COMRAM] unsigned int 
 Registers used:
		wreg, status,2, status,0
 Tracked objects:
		On entry : 
		On exit  : 
		Unchanged: 
 Data sizes:     COMRAM   BANK0   BANK1   BANK2   BANK3   BANK4   BANK5   BANK6   BANK7   BANK8   BANK9  BANK10  BANK11  BANK12  BANK13  BANK14  BANK15
      Params:         4       0       0       0       0       0       0       0       0       0       0       0       0       0       0       0       0
      Locals:         3       0       0       0       0       0       0       0       0       0       0       0       0       0       0       0       0
      Temps:          0       0       0       0       0       0       0       0       0       0       0       0       0       0       0       0       0
      Totals:         7       0       0       0       0       0       0       0       0       0       0       0       0       0       0       0       0
Total ram usage:        7 bytes
 Hardware stack levels used:    1
 Hardware stack levels required when called:    1
 This function calls:
		Nothing
 This function is called by:
		_sprintf
 This function uses a non-reentrant model


 *************** function _pwm_start *****************
 Defined at:
		line 19 in file "PWM.c"
 Parameters:    Size  Location     Type
		None
 Auto vars:     Size  Location     Type
		None
 Return value:  Size  Location     Type
		None               void
 Registers used:
		None
 Tracked objects:
		On entry : 
		On exit  : 
		Unchanged: 
 Data sizes:     COMRAM   BANK0   BANK1   BANK2   BANK3   BANK4   BANK5   BANK6   BANK7   BANK8   BANK9  BANK10  BANK11  BANK12  BANK13  BANK14  BANK15
      Params:         0       0       0       0       0       0       0       0       0       0       0       0       0       0       0       0       0
      Locals:         0       0       0       0       0       0       0       0       0       0       0       0       0       0       0       0       0
      Temps:          0       0       0       0       0       0       0       0       0       0       0       0       0       0       0       0       0
      Totals:         0       0       0       0       0       0       0       0       0       0       0       0       0       0       0       0       0
Total ram usage:        0 bytes
 Hardware stack levels used:    1
 Hardware stack levels required when called:    1
 This function calls:
		Nothing
 This function is called by:
		_main
 This function uses a non-reentrant model


 *************** function _pwm_set_duty *****************
 Defined at:
		line 13 in file "PWM.c"
 Parameters:    Size  Location     Type
  duty            2   30[COMRAM] int 
 Auto vars:     Size  Location     Type
		None
 Return value:  Size  Location     Type
		None               void
 Registers used:
		wreg, status,2, status,0
 Tracked objects:
		On entry : 
		On exit  : 
		Unchanged: 
 Data sizes:     COMRAM   BANK0   BANK1   BANK2   BANK3   BANK4   BANK5   BANK6   BANK7   BANK8   BANK9  BANK10  BANK11  BANK12  BANK13  BANK14  BANK15
      Params:         2       0       0       0       0       0       0       0       0       0       0       0       0       0       0       0       0
      Locals:         0       0       0       0       0       0       0       0       0       0       0       0       0       0       0       0       0
      Temps:          2       0       0       0       0       0       0       0       0       0       0       0       0       0       0       0       0
      Totals:         4       0       0       0       0       0       0       0       0       0       0       0       0       0       0       0       0
Total ram usage:        4 bytes
 Hardware stack levels used:    1
 Hardware stack levels required when called:    1
 This function calls:
		Nothing
 This function is called by:
		_main
 This function uses a non-reentrant model


 *************** function _pwm_init *****************
 Defined at:
		line 4 in file "PWM.c"
 Parameters:    Size  Location     Type
		None
 Auto vars:     Size  Location     Type
		None
 Return value:  Size  Location     Type
		None               void
 Registers used:
		wreg, status,2
 Tracked objects:
		On entry : 
		On exit  : 
		Unchanged: 
 Data sizes:     COMRAM   BANK0   BANK1   BANK2   BANK3   BANK4   BANK5   BANK6   BANK7   BANK8   BANK9  BANK10  BANK11  BANK12  BANK13  BANK14  BANK15
      Params:         0       0       0       0       0       0       0       0       0       0       0       0       0       0       0       0       0
      Locals:         0       0       0       0       0       0       0       0       0       0       0       0       0       0       0       0       0
      Temps:          0       0       0       0       0       0       0       0       0       0       0       0       0       0       0       0       0
      Totals:         0       0       0       0       0       0       0       0       0       0       0       0       0       0       0       0       0
Total ram usage:        0 bytes
 Hardware stack levels used:    1
 Hardware stack levels required when called:    1
 This function calls:
		Nothing
 This function is called by:
		_main
 This function uses a non-reentrant model


 *************** function _RTC_WRITE_TIME *****************
 Defined at:
		line 13 in file "rtc_liberary.c"
 Parameters:    Size  Location     Type
  second          1    wreg     unsigned char 
  minute          1   41[COMRAM] unsigned char 
  hour            1   42[COMRAM] unsigned char 
  day             1   43[COMRAM] unsigned char 
  date            1   44[COMRAM] unsigned char 
  month           1   45[COMRAM] unsigned char 
  year            1   46[COMRAM] unsigned char 
 Auto vars:     Size  Location     Type
  second          1   47[COMRAM] unsigned char 
 Return value:  Size  Location     Type
		None               void
 Registers used:
		wreg, status,2, status,0, cstack
 Tracked objects:
		On entry : 
		On exit  : 
		Unchanged: 
 Data sizes:     COMRAM   BANK0   BANK1   BANK2   BANK3   BANK4   BANK5   BANK6   BANK7   BANK8   BANK9  BANK10  BANK11  BANK12  BANK13  BANK14  BANK15
      Params:         6       0       0       0       0       0       0       0       0       0       0       0       0       0       0       0       0
      Locals:         1       0       0       0       0       0       0       0       0       0       0       0       0       0       0       0       0
      Temps:          0       0       0       0       0       0       0       0       0       0       0       0       0       0       0       0       0
      Totals:         7       0       0       0       0       0       0       0       0       0       0       0       0       0       0       0       0
Total ram usage:        7 bytes
 Hardware stack levels used:    1
 Hardware stack levels required when called:    3
 This function calls:
		_I2C_Start
		_I2C_Stop
		_I2C_Write
		_decimel_to_bcd
 This function is called by:
		_main
 This function uses a non-reentrant model


 *************** function _decimel_to_bcd *****************
 Defined at:
		line 3 in file "rtc_liberary.c"
 Parameters:    Size  Location     Type
  num             1    wreg     unsigned char 
 Auto vars:     Size  Location     Type
  num             1   40[COMRAM] unsigned char 
 Return value:  Size  Location     Type
                  1    wreg      unsigned char 
 Registers used:
		wreg, status,2, status,0, cstack
 Tracked objects:
		On entry : 
		On exit  : 
		Unchanged: 
 Data sizes:     COMRAM   BANK0   BANK1   BANK2   BANK3   BANK4   BANK5   BANK6   BANK7   BANK8   BANK9  BANK10  BANK11  BANK12  BANK13  BANK14  BANK15
      Params:         0       0       0       0       0       0       0       0       0       0       0       0       0       0       0       0       0
      Locals:         1       0       0       0       0       0       0       0       0       0       0       0       0       0       0       0       0
      Temps:          2       0       0       0       0       0       0       0       0       0       0       0       0       0       0       0       0
      Totals:         3       0       0       0       0       0       0       0       0       0       0       0       0       0       0       0       0
Total ram usage:        3 bytes
 Hardware stack levels used:    1
 Hardware stack levels required when called:    2
 This function calls:
		___awdiv
		___awmod
 This function is called by:
		_RTC_WRITE_TIME
 This function uses a non-reentrant model


 *************** function ___awmod *****************
 Defined at:
		line 8 in file "C:\Program Files (x86)\Microchip\xc8\v1.34\sources\common\awmod.c"
 Parameters:    Size  Location     Type
  dividend        2   30[COMRAM] int 
  divisor         2   32[COMRAM] int 
 Auto vars:     Size  Location     Type
  sign            1   35[COMRAM] unsigned char 
  counter         1   34[COMRAM] unsigned char 
 Return value:  Size  Location     Type
                  2   30[COMRAM] int 
 Registers used:
		wreg, status,2, status,0
 Tracked objects:
		On entry : 
		On exit  : 
		Unchanged: 
 Data sizes:     COMRAM   BANK0   BANK1   BANK2   BANK3   BANK4   BANK5   BANK6   BANK7   BANK8   BANK9  BANK10  BANK11  BANK12  BANK13  BANK14  BANK15
      Params:         4       0       0       0       0       0       0       0       0       0       0       0       0       0       0       0       0
      Locals:         2       0       0       0       0       0       0       0       0       0       0       0       0       0       0       0       0
      Temps:          0       0       0       0       0       0       0       0       0       0       0       0       0       0       0       0       0
      Totals:         6       0       0       0       0       0       0       0       0       0       0       0       0       0       0       0       0
Total ram usage:        6 bytes
 Hardware stack levels used:    1
 Hardware stack levels required when called:    1
 This function calls:
		Nothing
 This function is called by:
		_decimel_to_bcd
 This function uses a non-reentrant model


 *************** function ___awdiv *****************
 Defined at:
		line 8 in file "C:\Program Files (x86)\Microchip\xc8\v1.34\sources\common\awdiv.c"
 Parameters:    Size  Location     Type
  dividend        2   30[COMRAM] int 
  divisor         2   32[COMRAM] int 
 Auto vars:     Size  Location     Type
  quotient        2   36[COMRAM] int 
  sign            1   35[COMRAM] unsigned char 
  counter         1   34[COMRAM] unsigned char 
 Return value:  Size  Location     Type
                  2   30[COMRAM] int 
 Registers used:
		wreg, status,2, status,0
 Tracked objects:
		On entry : 
		On exit  : 
		Unchanged: 
 Data sizes:     COMRAM   BANK0   BANK1   BANK2   BANK3   BANK4   BANK5   BANK6   BANK7   BANK8   BANK9  BANK10  BANK11  BANK12  BANK13  BANK14  BANK15
      Params:         4       0       0       0       0       0       0       0       0       0       0       0       0       0       0       0       0
      Locals:         4       0       0       0       0       0       0       0       0       0       0       0       0       0       0       0       0
      Temps:          0       0       0       0       0       0       0       0       0       0       0       0       0       0       0       0       0
      Totals:         8       0       0       0       0       0       0       0       0       0       0       0       0       0       0       0       0
Total ram usage:        8 bytes
 Hardware stack levels used:    1
 Hardware stack levels required when called:    1
 This function calls:
		Nothing
 This function is called by:
		_decimel_to_bcd
 This function uses a non-reentrant model


 *************** function _RTC_READ_TIME *****************
 Defined at:
		line 41 in file "rtc_liberary.c"
 Parameters:    Size  Location     Type
  second          2   32[COMRAM] PTR unsigned char 
		 -> second(1), 
  minute          2   34[COMRAM] PTR unsigned char 
		 -> minute(1), 
  hour            2   36[COMRAM] PTR unsigned char 
		 -> hour(1), 
  day             2   38[COMRAM] PTR unsigned char 
		 -> day(1), 
  date            2   40[COMRAM] PTR unsigned char 
		 -> date(1), 
  month           2   42[COMRAM] PTR unsigned char 
		 -> month(1), 
  year            2   44[COMRAM] PTR unsigned char 
		 -> year(1), 
 Auto vars:     Size  Location     Type
		None
 Return value:  Size  Location     Type
		None               void
 Registers used:
		wreg, fsr2l, fsr2h, status,2, status,0, prodl, prodh, cstack
 Tracked objects:
		On entry : 
		On exit  : 
		Unchanged: 
 Data sizes:     COMRAM   BANK0   BANK1   BANK2   BANK3   BANK4   BANK5   BANK6   BANK7   BANK8   BANK9  BANK10  BANK11  BANK12  BANK13  BANK14  BANK15
      Params:        14       0       0       0       0       0       0       0       0       0       0       0       0       0       0       0       0
      Locals:         0       0       0       0       0       0       0       0       0       0       0       0       0       0       0       0       0
      Temps:          0       0       0       0       0       0       0       0       0       0       0       0       0       0       0       0       0
      Totals:        14       0       0       0       0       0       0       0       0       0       0       0       0       0       0       0       0
Total ram usage:       14 bytes
 Hardware stack levels used:    1
 Hardware stack levels required when called:    3
 This function calls:
		_I2C_ACK
		_I2C_NACK
		_I2C_Read
		_I2C_Restart
		_I2C_Start
		_I2C_Stop
		_I2C_Write
		_bcd_to_decimel
 This function is called by:
		_main
 This function uses a non-reentrant model


 *************** function _bcd_to_decimel *****************
 Defined at:
		line 8 in file "rtc_liberary.c"
 Parameters:    Size  Location     Type
  num             1    wreg     unsigned char 
 Auto vars:     Size  Location     Type
  num             1   31[COMRAM] unsigned char 
 Return value:  Size  Location     Type
                  1    wreg      unsigned char 
 Registers used:
		wreg, status,2, status,0, prodl, prodh
 Tracked objects:
		On entry : 
		On exit  : 
		Unchanged: 
 Data sizes:     COMRAM   BANK0   BANK1   BANK2   BANK3   BANK4   BANK5   BANK6   BANK7   BANK8   BANK9  BANK10  BANK11  BANK12  BANK13  BANK14  BANK15
      Params:         0       0       0       0       0       0       0       0       0       0       0       0       0       0       0       0       0
      Locals:         1       0       0       0       0       0       0       0       0       0       0       0       0       0       0       0       0
      Temps:          1       0       0       0       0       0       0       0       0       0       0       0       0       0       0       0       0
      Totals:         2       0       0       0       0       0       0       0       0       0       0       0       0       0       0       0       0
Total ram usage:        2 bytes
 Hardware stack levels used:    1
 Hardware stack levels required when called:    1
 This function calls:
		Nothing
 This function is called by:
		_RTC_READ_TIME
 This function uses a non-reentrant model


 *************** function _I2C_Write *****************
 Defined at:
		line 64 in file "i2c.c"
 Parameters:    Size  Location     Type
  Data            1    wreg     unsigned char 
 Auto vars:     Size  Location     Type
  Data            1   31[COMRAM] unsigned char 
 Return value:  Size  Location     Type
                  1    wreg      unsigned char 
 Registers used:
		wreg, status,2, status,0, cstack
 Tracked objects:
		On entry : 
		On exit  : 
		Unchanged: 
 Data sizes:     COMRAM   BANK0   BANK1   BANK2   BANK3   BANK4   BANK5   BANK6   BANK7   BANK8   BANK9  BANK10  BANK11  BANK12  BANK13  BANK14  BANK15
      Params:         0       0       0       0       0       0       0       0       0       0       0       0       0       0       0       0       0
      Locals:         1       0       0       0       0       0       0       0       0       0       0       0       0       0       0       0       0
      Temps:          0       0       0       0       0       0       0       0       0       0       0       0       0       0       0       0       0
      Totals:         1       0       0       0       0       0       0       0       0       0       0       0       0       0       0       0       0
Total ram usage:        1 bytes
 Hardware stack levels used:    1
 Hardware stack levels required when called:    2
 This function calls:
		_I2C_Wait
 This function is called by:
		_RTC_WRITE_TIME
		_RTC_READ_TIME
 This function uses a non-reentrant model


 *************** function _I2C_Stop *****************
 Defined at:
		line 38 in file "i2c.c"
 Parameters:    Size  Location     Type
		None
 Auto vars:     Size  Location     Type
		None
 Return value:  Size  Location     Type
		None               void
 Registers used:
		wreg, status,2, status,0, cstack
 Tracked objects:
		On entry : 
		On exit  : 
		Unchanged: 
 Data sizes:     COMRAM   BANK0   BANK1   BANK2   BANK3   BANK4   BANK5   BANK6   BANK7   BANK8   BANK9  BANK10  BANK11  BANK12  BANK13  BANK14  BANK15
      Params:         0       0       0       0       0       0       0       0       0       0       0       0       0       0       0       0       0
      Locals:         0       0       0       0       0       0       0       0       0       0       0       0       0       0       0       0       0
      Temps:          0       0       0       0       0       0       0       0       0       0       0       0       0       0       0       0       0
      Totals:         0       0       0       0       0       0       0       0       0       0       0       0       0       0       0       0       0
Total ram usage:        0 bytes
 Hardware stack levels used:    1
 Hardware stack levels required when called:    2
 This function calls:
		_I2C_Wait
 This function is called by:
		_RTC_WRITE_TIME
		_RTC_READ_TIME
 This function uses a non-reentrant model


 *************** function _I2C_Start *****************
 Defined at:
		line 32 in file "i2c.c"
 Parameters:    Size  Location     Type
		None
 Auto vars:     Size  Location     Type
		None
 Return value:  Size  Location     Type
		None               void
 Registers used:
		wreg, status,2, status,0, cstack
 Tracked objects:
		On entry : 
		On exit  : 
		Unchanged: 
 Data sizes:     COMRAM   BANK0   BANK1   BANK2   BANK3   BANK4   BANK5   BANK6   BANK7   BANK8   BANK9  BANK10  BANK11  BANK12  BANK13  BANK14  BANK15
      Params:         0       0       0       0       0       0       0       0       0       0       0       0       0       0       0       0       0
      Locals:         0       0       0       0       0       0       0       0       0       0       0       0       0       0       0       0       0
      Temps:          0       0       0       0       0       0       0       0       0       0       0       0       0       0       0       0       0
      Totals:         0       0       0       0       0       0       0       0       0       0       0       0       0       0       0       0       0
Total ram usage:        0 bytes
 Hardware stack levels used:    1
 Hardware stack levels required when called:    2
 This function calls:
		_I2C_Wait
 This function is called by:
		_RTC_WRITE_TIME
		_RTC_READ_TIME
 This function uses a non-reentrant model


 *************** function _I2C_Restart *****************
 Defined at:
		line 44 in file "i2c.c"
 Parameters:    Size  Location     Type
		None
 Auto vars:     Size  Location     Type
		None
 Return value:  Size  Location     Type
		None               void
 Registers used:
		wreg, status,2, status,0, cstack
 Tracked objects:
		On entry : 
		On exit  : 
		Unchanged: 
 Data sizes:     COMRAM   BANK0   BANK1   BANK2   BANK3   BANK4   BANK5   BANK6   BANK7   BANK8   BANK9  BANK10  BANK11  BANK12  BANK13  BANK14  BANK15
      Params:         0       0       0       0       0       0       0       0       0       0       0       0       0       0       0       0       0
      Locals:         0       0       0       0       0       0       0       0       0       0       0       0       0       0       0       0       0
      Temps:          0       0       0       0       0       0       0       0       0       0       0       0       0       0       0       0       0
      Totals:         0       0       0       0       0       0       0       0       0       0       0       0       0       0       0       0       0
Total ram usage:        0 bytes
 Hardware stack levels used:    1
 Hardware stack levels required when called:    2
 This function calls:
		_I2C_Wait
 This function is called by:
		_RTC_READ_TIME
 This function uses a non-reentrant model


 *************** function _I2C_Read *****************
 Defined at:
		line 72 in file "i2c.c"
 Parameters:    Size  Location     Type
		None
 Auto vars:     Size  Location     Type
		None
 Return value:  Size  Location     Type
                  1    wreg      unsigned char 
 Registers used:
		wreg, status,2, status,0, cstack
 Tracked objects:
		On entry : 
		On exit  : 
		Unchanged: 
 Data sizes:     COMRAM   BANK0   BANK1   BANK2   BANK3   BANK4   BANK5   BANK6   BANK7   BANK8   BANK9  BANK10  BANK11  BANK12  BANK13  BANK14  BANK15
      Params:         0       0       0       0       0       0       0       0       0       0       0       0       0       0       0       0       0
      Locals:         0       0       0       0       0       0       0       0       0       0       0       0       0       0       0       0       0
      Temps:          0       0       0       0       0       0       0       0       0       0       0       0       0       0       0       0       0
      Totals:         0       0       0       0       0       0       0       0       0       0       0       0       0       0       0       0       0
Total ram usage:        0 bytes
 Hardware stack levels used:    1
 Hardware stack levels required when called:    2
 This function calls:
		_I2C_Wait
 This function is called by:
		_RTC_READ_TIME
 This function uses a non-reentrant model


 *************** function _I2C_NACK *****************
 Defined at:
		line 57 in file "i2c.c"
 Parameters:    Size  Location     Type
		None
 Auto vars:     Size  Location     Type
		None
 Return value:  Size  Location     Type
		None               void
 Registers used:
		wreg, status,2, status,0, cstack
 Tracked objects:
		On entry : 
		On exit  : 
		Unchanged: 
 Data sizes:     COMRAM   BANK0   BANK1   BANK2   BANK3   BANK4   BANK5   BANK6   BANK7   BANK8   BANK9  BANK10  BANK11  BANK12  BANK13  BANK14  BANK15
      Params:         0       0       0       0       0       0       0       0       0       0       0       0       0       0       0       0       0
      Locals:         0       0       0       0       0       0       0       0       0       0       0       0       0       0       0       0       0
      Temps:          0       0       0       0       0       0       0       0       0       0       0       0       0       0       0       0       0
      Totals:         0       0       0       0       0       0       0       0       0       0       0       0       0       0       0       0       0
Total ram usage:        0 bytes
 Hardware stack levels used:    1
 Hardware stack levels required when called:    2
 This function calls:
		_I2C_Wait
 This function is called by:
		_RTC_READ_TIME
 This function uses a non-reentrant model


 *************** function _I2C_ACK *****************
 Defined at:
		line 50 in file "i2c.c"
 Parameters:    Size  Location     Type
		None
 Auto vars:     Size  Location     Type
		None
 Return value:  Size  Location     Type
		None               void
 Registers used:
		wreg, status,2, status,0, cstack
 Tracked objects:
		On entry : 
		On exit  : 
		Unchanged: 
 Data sizes:     COMRAM   BANK0   BANK1   BANK2   BANK3   BANK4   BANK5   BANK6   BANK7   BANK8   BANK9  BANK10  BANK11  BANK12  BANK13  BANK14  BANK15
      Params:         0       0       0       0       0       0       0       0       0       0       0       0       0       0       0       0       0
      Locals:         0       0       0       0       0       0       0       0       0       0       0       0       0       0       0       0       0
      Temps:          0       0       0       0       0       0       0       0       0       0       0       0       0       0       0       0       0
      Totals:         0       0       0       0       0       0       0       0       0       0       0       0       0       0       0       0       0
Total ram usage:        0 bytes
 Hardware stack levels used:    1
 Hardware stack levels required when called:    2
 This function calls:
		_I2C_Wait
 This function is called by:
		_RTC_READ_TIME
 This function uses a non-reentrant model


 *************** function _I2C_Wait *****************
 Defined at:
		line 27 in file "i2c.c"
 Parameters:    Size  Location     Type
		None
 Auto vars:     Size  Location     Type
		None
 Return value:  Size  Location     Type
		None               void
 Registers used:
		wreg, status,2, status,0
 Tracked objects:
		On entry : 
		On exit  : 
		Unchanged: 
 Data sizes:     COMRAM   BANK0   BANK1   BANK2   BANK3   BANK4   BANK5   BANK6   BANK7   BANK8   BANK9  BANK10  BANK11  BANK12  BANK13  BANK14  BANK15
      Params:         0       0       0       0       0       0       0       0       0       0       0       0       0       0       0       0       0
      Locals:         0       0       0       0       0       0       0       0       0       0       0       0       0       0       0       0       0
      Temps:          1       0       0       0       0       0       0       0       0       0       0       0       0       0       0       0       0
      Totals:         1       0       0       0       0       0       0       0       0       0       0       0       0       0       0       0       0
Total ram usage:        1 bytes
 Hardware stack levels used:    1
 Hardware stack levels required when called:    1
 This function calls:
		Nothing
 This function is called by:
		_I2C_Start
		_I2C_Stop
		_I2C_Restart
		_I2C_ACK
		_I2C_NACK
		_I2C_Write
		_I2C_Read
 This function uses a non-reentrant model


 *************** function _LCD_Initialize *****************
 Defined at:
		line 5 in file "lcd.c"
 Parameters:    Size  Location     Type
		None
 Auto vars:     Size  Location     Type
		None
 Return value:  Size  Location     Type
		None               void
 Registers used:
		wreg, status,2, status,0, cstack
 Tracked objects:
		On entry : 
		On exit  : 
		Unchanged: 
 Data sizes:     COMRAM   BANK0   BANK1   BANK2   BANK3   BANK4   BANK5   BANK6   BANK7   BANK8   BANK9  BANK10  BANK11  BANK12  BANK13  BANK14  BANK15
      Params:         0       0       0       0       0       0       0       0       0       0       0       0       0       0       0       0       0
      Locals:         0       0       0       0       0       0       0       0       0       0       0       0       0       0       0       0       0
      Temps:          1       0       0       0       0       0       0       0       0       0       0       0       0       0       0       0       0
      Totals:         1       0       0       0       0       0       0       0       0       0       0       0       0       0       0       0       0
Total ram usage:        1 bytes
 Hardware stack levels used:    1
 Hardware stack levels required when called:    3
 This function calls:
		_LCDPutCmd
 This function is called by:
		_main
 This function uses a non-reentrant model


 *************** function _LCDPutStr *****************
 Defined at:
		line 94 in file "lcd.c"
 Parameters:    Size  Location     Type
  str             2   34[COMRAM] PTR const unsigned char 
		 -> STR_14(6), STR_12(3), STR_10(3), STR_8(3), 
		 -> STR_6(8), STR_4(6), STR_2(8), out(16), 
 Auto vars:     Size  Location     Type
  i               1   38[COMRAM] unsigned char 
 Return value:  Size  Location     Type
		None               void
 Registers used:
		wreg, fsr0l, fsr0h, status,2, status,0, tblptrl, tblptrh, tblptru, prodl, prodh, cstack
 Tracked objects:
		On entry : 
		On exit  : 
		Unchanged: 
 Data sizes:     COMRAM   BANK0   BANK1   BANK2   BANK3   BANK4   BANK5   BANK6   BANK7   BANK8   BANK9  BANK10  BANK11  BANK12  BANK13  BANK14  BANK15
      Params:         2       0       0       0       0       0       0       0       0       0       0       0       0       0       0       0       0
      Locals:         1       0       0       0       0       0       0       0       0       0       0       0       0       0       0       0       0
      Temps:          2       0       0       0       0       0       0       0       0       0       0       0       0       0       0       0       0
      Totals:         5       0       0       0       0       0       0       0       0       0       0       0       0       0       0       0       0
Total ram usage:        5 bytes
 Hardware stack levels used:    1
 Hardware stack levels required when called:    3
 This function calls:
		_LCDPutChar
 This function is called by:
		_main
 This function uses a non-reentrant model


 *************** function _LCDPutChar *****************
 Defined at:
		line 62 in file "lcd.c"
 Parameters:    Size  Location     Type
  ch              1    wreg     unsigned char 
 Auto vars:     Size  Location     Type
  ch              1   33[COMRAM] unsigned char 
 Return value:  Size  Location     Type
		None               void
 Registers used:
		wreg, status,2, status,0, cstack
 Tracked objects:
		On entry : 
		On exit  : 
		Unchanged: 
 Data sizes:     COMRAM   BANK0   BANK1   BANK2   BANK3   BANK4   BANK5   BANK6   BANK7   BANK8   BANK9  BANK10  BANK11  BANK12  BANK13  BANK14  BANK15
      Params:         0       0       0       0       0       0       0       0       0       0       0       0       0       0       0       0       0
      Locals:         1       0       0       0       0       0       0       0       0       0       0       0       0       0       0       0       0
      Temps:          1       0       0       0       0       0       0       0       0       0       0       0       0       0       0       0       0
      Totals:         2       0       0       0       0       0       0       0       0       0       0       0       0       0       0       0       0
Total ram usage:        2 bytes
 Hardware stack levels used:    1
 Hardware stack levels required when called:    2
 This function calls:
		_LCDWriteNibble
 This function is called by:
		_LCDPutStr
 This function uses a non-reentrant model


 *************** function _LCDGoto *****************
 Defined at:
		line 107 in file "lcd.c"
 Parameters:    Size  Location     Type
  pos             1    wreg     unsigned char 
  ln              1   34[COMRAM] unsigned char 
 Auto vars:     Size  Location     Type
  pos             1   39[COMRAM] unsigned char 
 Return value:  Size  Location     Type
		None               void
 Registers used:
		wreg, status,2, status,0, cstack
 Tracked objects:
		On entry : 
		On exit  : 
		Unchanged: 
 Data sizes:     COMRAM   BANK0   BANK1   BANK2   BANK3   BANK4   BANK5   BANK6   BANK7   BANK8   BANK9  BANK10  BANK11  BANK12  BANK13  BANK14  BANK15
      Params:         1       0       0       0       0       0       0       0       0       0       0       0       0       0       0       0       0
      Locals:         3       0       0       0       0       0       0       0       0       0       0       0       0       0       0       0       0
      Temps:          2       0       0       0       0       0       0       0       0       0       0       0       0       0       0       0       0
      Totals:         6       0       0       0       0       0       0       0       0       0       0       0       0       0       0       0       0
Total ram usage:        6 bytes
 Hardware stack levels used:    1
 Hardware stack levels required when called:    3
 This function calls:
		_LCDPutCmd
 This function is called by:
		_main
 This function uses a non-reentrant model


 *************** function _LCDPutCmd *****************
 Defined at:
		line 77 in file "lcd.c"
 Parameters:    Size  Location     Type
  ch              1    wreg     unsigned char 
 Auto vars:     Size  Location     Type
  ch              1   33[COMRAM] unsigned char 
 Return value:  Size  Location     Type
		None               void
 Registers used:
		wreg, status,2, status,0, cstack
 Tracked objects:
		On entry : 
		On exit  : 
		Unchanged: 
 Data sizes:     COMRAM   BANK0   BANK1   BANK2   BANK3   BANK4   BANK5   BANK6   BANK7   BANK8   BANK9  BANK10  BANK11  BANK12  BANK13  BANK14  BANK15
      Params:         0       0       0       0       0       0       0       0       0       0       0       0       0       0       0       0       0
      Locals:         1       0       0       0       0       0       0       0       0       0       0       0       0       0       0       0       0
      Temps:          1       0       0       0       0       0       0       0       0       0       0       0       0       0       0       0       0
      Totals:         2       0       0       0       0       0       0       0       0       0       0       0       0       0       0       0       0
Total ram usage:        2 bytes
 Hardware stack levels used:    1
 Hardware stack levels required when called:    2
 This function calls:
		_LCDWriteNibble
 This function is called by:
		_LCD_Initialize
		_LCDGoto
		_main
 This function uses a non-reentrant model


 *************** function _LCDWriteNibble *****************
 Defined at:
		line 35 in file "lcd.c"
 Parameters:    Size  Location     Type
  ch              1    wreg     unsigned char 
  rs              1   30[COMRAM] unsigned char 
 Auto vars:     Size  Location     Type
  ch              1   31[COMRAM] unsigned char 
 Return value:  Size  Location     Type
		None               void
 Registers used:
		wreg, status,2, status,0
 Tracked objects:
		On entry : 
		On exit  : 
		Unchanged: 
 Data sizes:     COMRAM   BANK0   BANK1   BANK2   BANK3   BANK4   BANK5   BANK6   BANK7   BANK8   BANK9  BANK10  BANK11  BANK12  BANK13  BANK14  BANK15
      Params:         1       0       0       0       0       0       0       0       0       0       0       0       0       0       0       0       0
      Locals:         1       0       0       0       0       0       0       0       0       0       0       0       0       0       0       0       0
      Temps:          0       0       0       0       0       0       0       0       0       0       0       0       0       0       0       0       0
      Totals:         2       0       0       0       0       0       0       0       0       0       0       0       0       0       0       0       0
Total ram usage:        2 bytes
 Hardware stack levels used:    1
 Hardware stack levels required when called:    1
 This function calls:
		Nothing
 This function is called by:
		_LCDPutChar
		_LCDPutCmd
 This function uses a non-reentrant model


 *************** function _I2C_Master_Init *****************
 Defined at:
		line 3 in file "i2c.c"
 Parameters:    Size  Location     Type
		None
 Auto vars:     Size  Location     Type
		None
 Return value:  Size  Location     Type
		None               void
 Registers used:
		wreg, status,2
 Tracked objects:
		On entry : 
		On exit  : 
		Unchanged: 
 Data sizes:     COMRAM   BANK0   BANK1   BANK2   BANK3   BANK4   BANK5   BANK6   BANK7   BANK8   BANK9  BANK10  BANK11  BANK12  BANK13  BANK14  BANK15
      Params:         0       0       0       0       0       0       0       0       0       0       0       0       0       0       0       0       0
      Locals:         0       0       0       0       0       0       0       0       0       0       0       0       0       0       0       0       0
      Temps:          0       0       0       0       0       0       0       0       0       0       0       0       0       0       0       0       0
      Totals:         0       0       0       0       0       0       0       0       0       0       0       0       0       0       0       0       0
Total ram usage:        0 bytes
 Hardware stack levels used:    1
 Hardware stack levels required when called:    1
 This function calls:
		Nothing
 This function is called by:
		_main
 This function uses a non-reentrant model


 *************** function _ADC_start *****************
 Defined at:
		line 14 in file "adc-lib.c"
 Parameters:    Size  Location     Type
  ANx             1    wreg     unsigned char 
 Auto vars:     Size  Location     Type
  ANx             1   33[COMRAM] unsigned char 
 Return value:  Size  Location     Type
                  2   30[COMRAM] int 
 Registers used:
		wreg, status,2, status,0
 Tracked objects:
		On entry : 
		On exit  : 
		Unchanged: 
 Data sizes:     COMRAM   BANK0   BANK1   BANK2   BANK3   BANK4   BANK5   BANK6   BANK7   BANK8   BANK9  BANK10  BANK11  BANK12  BANK13  BANK14  BANK15
      Params:         2       0       0       0       0       0       0       0       0       0       0       0       0       0       0       0       0
      Locals:         1       0       0       0       0       0       0       0       0       0       0       0       0       0       0       0       0
      Temps:          1       0       0       0       0       0       0       0       0       0       0       0       0       0       0       0       0
      Totals:         4       0       0       0       0       0       0       0       0       0       0       0       0       0       0       0       0
Total ram usage:        4 bytes
 Hardware stack levels used:    1
 Hardware stack levels required when called:    1
 This function calls:
		Nothing
 This function is called by:
		_main
 This function uses a non-reentrant model


 *************** function _ADC_init *****************
 Defined at:
		line 5 in file "adc-lib.c"
 Parameters:    Size  Location     Type
  ch_no           1    wreg     unsigned char 
 Auto vars:     Size  Location     Type
  ch_no           1   31[COMRAM] unsigned char 
 Return value:  Size  Location     Type
		None               void
 Registers used:
		wreg, status,2, status,0
 Tracked objects:
		On entry : 
		On exit  : 
		Unchanged: 
 Data sizes:     COMRAM   BANK0   BANK1   BANK2   BANK3   BANK4   BANK5   BANK6   BANK7   BANK8   BANK9  BANK10  BANK11  BANK12  BANK13  BANK14  BANK15
      Params:         0       0       0       0       0       0       0       0       0       0       0       0       0       0       0       0       0
      Locals:         1       0       0       0       0       0       0       0       0       0       0       0       0       0       0       0       0
      Temps:          1       0       0       0       0       0       0       0       0       0       0       0       0       0       0       0       0
      Totals:         2       0       0       0       0       0       0       0       0       0       0       0       0       0       0       0       0
Total ram usage:        2 bytes
 Hardware stack levels used:    1
 Hardware stack levels required when called:    1
 This function calls:
		Nothing
 This function is called by:
		_main
 This function uses a non-reentrant model


 *************** function _ISRead *****************
 Defined at:
		line 80 in file "i2c.c"
 Parameters:    Size  Location     Type
		None
 Auto vars:     Size  Location     Type
  Dummy           1   14[COMRAM] unsigned char 
 Return value:  Size  Location     Type
		None               void
 Registers used:
		None
 Tracked objects:
		On entry : 
		On exit  : 
		Unchanged: 
 Data sizes:     COMRAM   BANK0   BANK1   BANK2   BANK3   BANK4   BANK5   BANK6   BANK7   BANK8   BANK9  BANK10  BANK11  BANK12  BANK13  BANK14  BANK15
      Params:         0       0       0       0       0       0       0       0       0       0       0       0       0       0       0       0       0
      Locals:         1       0       0       0       0       0       0       0       0       0       0       0       0       0       0       0       0
      Temps:         14       0       0       0       0       0       0       0       0       0       0       0       0       0       0       0       0
      Totals:        15       0       0       0       0       0       0       0       0       0       0       0       0       0       0       0       0
Total ram usage:       15 bytes
 Hardware stack levels used:    1
 This function calls:
		Nothing
 This function is called by:
		Interrupt level 2
 This function uses a non-reentrant model


 *************** function _ISWrite *****************
 Defined at:
		line 95 in file "i2c.c"
 Parameters:    Size  Location     Type
		None
 Auto vars:     Size  Location     Type
  deummy          1   29[COMRAM] unsigned char 
 Return value:  Size  Location     Type
		None               void
 Registers used:
		None
 Tracked objects:
		On entry : 
		On exit  : 
		Unchanged: 
 Data sizes:     COMRAM   BANK0   BANK1   BANK2   BANK3   BANK4   BANK5   BANK6   BANK7   BANK8   BANK9  BANK10  BANK11  BANK12  BANK13  BANK14  BANK15
      Params:         0       0       0       0       0       0       0       0       0       0       0       0       0       0       0       0       0
      Locals:         1       0       0       0       0       0       0       0       0       0       0       0       0       0       0       0       0
      Temps:         14       0       0       0       0       0       0       0       0       0       0       0       0       0       0       0       0
      Totals:        15       0       0       0       0       0       0       0       0       0       0       0       0       0       0       0       0
Total ram usage:       15 bytes
 Hardware stack levels used:    1
 This function calls:
		Nothing
 This function is called by:
		Interrupt level 2
 This function uses a non-reentrant model



MODULE INFORMATION

Module		Function		Class		Link	Load	Size
adc-lib.c
		_ADC_init      		CODE           	1CEE	0000	33
		_ADC_start     		CODE           	1CCE	0000	33

adc-lib.c estimated size: 66

i2c.c
		_I2C_Master_Ini		CODE           	1D58	0000	23
		_I2C_Write     		CODE           	1D96	0000	19
		_I2C_Stop      		CODE           	1DBC	0000	9
		_I2C_Wait      		CODE           	1D82	0000	21
		_I2C_Read      		CODE           	1D6E	0000	21
		_ISWrite       		CODE           	0094	0000	149
		_I2C_ACK       		CODE           	1DB2	0000	11
		_I2C_NACK      		CODE           	1DA8	0000	11
		_I2C_Start     		CODE           	1DC4	0000	9
		_ISRead        		CODE           	0008	0000	141
		_I2C_Restart   		CODE           	1DCC	0000	9

i2c.c estimated size: 423

C:\Program Files (x86)\Microchip\xc8\v1.34\sources\common\lwmod.c
		___lwmod       		CODE           	1AC4	0000	77

C:\Program Files (x86)\Microchip\xc8\v1.34\sources\common\lwmod.c estimated size: 77

C:\Program Files (x86)\Microchip\xc8\v1.34\sources\common\awmod.c
		___awmod       		CODE           	18EA	0000	131

C:\Program Files (x86)\Microchip\xc8\v1.34\sources\common\awmod.c estimated size: 131

newmain.c
		_main          		CODE           	102E	0000	1019

newmain.c estimated size: 1019

C:\Program Files (x86)\Microchip\xc8\v1.34\sources\common\isdigit.c
		_isdigit       		CODE           	1CAC	0000	35

C:\Program Files (x86)\Microchip\xc8\v1.34\sources\common\isdigit.c estimated size: 35

PWM.c
		_pwm_set_duty  		CODE           	1BFE	0000	47
		_pwm_start     		CODE           	1DD4	0000	5
		_pwm_init      		CODE           	1D0E	0000	29

PWM.c estimated size: 81

shared
		_dpowers       		SMALLCONST     	1001	0000	11
		__initializatio		CODE           	1D42	0000	13

shared estimated size: 24

C:\Program Files (x86)\Microchip\xc8\v1.34\sources\common\lwdiv.c
		___lwdiv       		CODE           	1A68	0000	93

C:\Program Files (x86)\Microchip\xc8\v1.34\sources\common\lwdiv.c estimated size: 93

C:\Program Files (x86)\Microchip\xc8\v1.34\sources\common\awdiv.c
		___awdiv       		CODE           	17D0	0000	151

C:\Program Files (x86)\Microchip\xc8\v1.34\sources\common\awdiv.c estimated size: 151

lcd.c
		_LCDPutCmd     		CODE           	1B8C	0000	59
		_LCDPutStr     		CODE           	196C	0000	131
		_LCDPutChar    		CODE           	1C2C	0000	45
		_LCD_Initialize		CODE           	1B52	0000	59
		_LCDWriteNibble		CODE           	1C58	0000	45
		_LCDGoto       		CODE           	1B10	0000	67

lcd.c estimated size: 406

C:\Program Files (x86)\Microchip\xc8\v1.34\sources\common\doprnt.c
		_sprintf       		CODE           	1428	0000	611

C:\Program Files (x86)\Microchip\xc8\v1.34\sources\common\doprnt.c estimated size: 611

C:\Program Files (x86)\Microchip\xc8\v1.34\sources\common\Umul16.c
		___wmul        		CODE           	1C84	0000	41

C:\Program Files (x86)\Microchip\xc8\v1.34\sources\common\Umul16.c estimated size: 41

rtc_liberary.c
		_RTC_WRITE_TIME		CODE           	19EE	0000	123
		_RTC_READ_TIME 		CODE           	168A	0000	327
		_bcd_to_decimel		CODE           	1D2A	0000	25
		_decimel_to_bcd		CODE           	1BC6	0000	57

rtc_liberary.c estimated size: 532

